// Jest Snapshot v1, https://goo.gl/fbAQLP

exports[`>>> C A R T  F O O T E R ---- Test & Snapshot <<< +++ Capturing Snapshot of CartFooter +++ 1`] = `
<div
  className="footer__classes"
>
  <div>
    <span>
      <label>
        Total Cost:
      </label>
      $
      290
    </span>
    <button
      className="button__checkout"
      type="button"
      value="Checkout (2)"
    >
      Checkout (2)
    </button>
  </div>
</div>
`;
