// Jest Snapshot v1, https://goo.gl/fbAQLP

exports[`>>> P A C K A G E S  L I S T ---- Test & Snapshot <<< +++ Capturing Snapshot of PackageSlider component +++ 1`] = `
<div
  className="slider__container "
>
  <div
    className="slider__nav__wrapper"
  >
    <div
      className="slick-slider slick-initialized"
    >
      
      <div
        className="slick-list"
      >
        <div
          className="slick-track"
          onMouseEnter={[Function]}
          onMouseLeave={[Function]}
          onMouseOver={[Function]}
          style={
            Object {
              "WebkitTransform": "translate3d(0px, 0px, 0px)",
              "WebkitTransition": "",
              "msTransform": "translateX(0px)",
              "opacity": 1,
              "transform": "translate3d(0px, 0px, 0px)",
              "transition": "",
            }
          }
        >
          <div
            aria-hidden={true}
            className="slick-slide"
            data-index={0}
            onClick={[Function]}
            style={
              Object {
                "outline": "none",
                "width": 0,
              }
            }
            tabIndex="-1"
          >
            <div>
              <div
                className="slider__card__nav "
                style={
                  Object {
                    "display": "inline-block",
                    "width": "100%",
                  }
                }
                tabIndex={-1}
              >
                <h1
                  className="no__margin"
                >
                  Classic
                </h1>
              </div>
            </div>
          </div>
          <div
            aria-hidden={false}
            className="slick-slide slick-active slick-current"
            data-index={1}
            onClick={[Function]}
            style={
              Object {
                "outline": "none",
                "width": 0,
              }
            }
            tabIndex="-1"
          >
            <div>
              <div
                className="slider__card__nav nav__recommended"
                style={
                  Object {
                    "display": "inline-block",
                    "width": "100%",
                  }
                }
                tabIndex={-1}
              >
                <h1
                  className="no__margin"
                >
                  Standout
                </h1>
              </div>
            </div>
          </div>
          <div
            aria-hidden={false}
            className="slick-slide slick-active"
            data-index={2}
            onClick={[Function]}
            style={
              Object {
                "outline": "none",
                "width": 0,
              }
            }
            tabIndex="-1"
          >
            <div>
              <div
                className="slider__card__nav "
                style={
                  Object {
                    "display": "inline-block",
                    "width": "100%",
                  }
                }
                tabIndex={-1}
              >
                <h1
                  className="no__margin"
                >
                  Premium
                </h1>
              </div>
            </div>
          </div>
        </div>
      </div>
      
      
    </div>
  </div>
  <div
    className="slider__content__wrapper"
  >
    <div
      className="slick-slider slick-initialized"
      dir="ltr"
    >
      <div
        className="slick-list"
        onClick={[Function]}
        onKeyDown={[Function]}
        onMouseDown={[Function]}
        onMouseLeave={null}
        onMouseMove={null}
        onMouseUp={[Function]}
        onTouchCancel={null}
        onTouchEnd={[Function]}
        onTouchMove={null}
        onTouchStart={[Function]}
        style={Object {}}
      >
        <div
          className="slick-track"
          onMouseEnter={[Function]}
          onMouseLeave={[Function]}
          onMouseOver={[Function]}
          style={
            Object {
              "WebkitTransform": "translate3d(0px, 0px, 0px)",
              "WebkitTransition": "",
              "msTransform": "translateX(0px)",
              "opacity": 1,
              "transform": "translate3d(0px, 0px, 0px)",
              "transition": "",
            }
          }
        >
          <div
            aria-hidden={true}
            className="slick-slide slick-cloned"
            data-index={-1}
            onClick={[Function]}
            style={
              Object {
                "width": 0,
              }
            }
            tabIndex="-1"
          >
            <div>
              <div
                className="section__carousel"
                itemProp="itemListElement"
                itemScope={true}
                itemType="http://schema.org/Product"
                style={
                  Object {
                    "display": "inline-block",
                    "width": "100%",
                  }
                }
                tabIndex={-1}
              >
                <div
                  className="slider__card__body"
                >
                  <img
                    alt="Premium"
                    className="slider__images"
                    src="/assets/images/employeer-image-sample3.jpg"
                  />
                  <h2
                    className="no__margin__top block width__100"
                  >
                    Premium Ad Lorem Ipsum is simply dummy text of the printing and typesetting industry
                  </h2>
                  <span
                    className="label__info hidden"
                  >
                    RECOMMENDED
                  </span>
                  <span
                    className="pricing block width__100"
                  >
                    $
                    394.99
                  </span>
                  <button
                    className="button__buy__items"
                    onClick={[Function]}
                    type="button"
                    value="Buy Ad"
                  >
                    Buy Ad
                  </button>
                </div>
              </div>
            </div>
          </div>
          <div
            aria-hidden={true}
            className="slick-slide"
            data-index={0}
            onClick={[Function]}
            style={
              Object {
                "outline": "none",
                "width": 0,
              }
            }
            tabIndex="-1"
          >
            <div>
              <div
                className="section__carousel"
                itemProp="itemListElement"
                itemScope={true}
                itemType="http://schema.org/Product"
                style={
                  Object {
                    "display": "inline-block",
                    "width": "100%",
                  }
                }
                tabIndex={-1}
              >
                <div
                  className="slider__card__body"
                >
                  <img
                    alt="Classic"
                    className="slider__images"
                    src="/assets/images/employeer-image-sample.jpg"
                  />
                  <h2
                    className="no__margin__top block width__100"
                  >
                    Classic Ad Lorem Ipsum is simply dummy text of the printing and typesetting
                  </h2>
                  <span
                    className="label__info hidden"
                  >
                    RECOMMENDED
                  </span>
                  <span
                    className="pricing block width__100"
                  >
                    $
                    269.99
                  </span>
                  <button
                    className="button__buy__items"
                    onClick={[Function]}
                    type="button"
                    value="Buy Ad"
                  >
                    Buy Ad
                  </button>
                </div>
              </div>
            </div>
          </div>
          <div
            aria-hidden={false}
            className="slick-slide slick-active slick-current"
            data-index={1}
            onClick={[Function]}
            style={
              Object {
                "outline": "none",
                "width": 0,
              }
            }
            tabIndex="-1"
          >
            <div>
              <div
                className="section__carousel"
                itemProp="itemListElement"
                itemScope={true}
                itemType="http://schema.org/Product"
                style={
                  Object {
                    "display": "inline-block",
                    "width": "100%",
                  }
                }
                tabIndex={-1}
              >
                <div
                  className="slider__card__body"
                >
                  <img
                    alt="Standout"
                    className="slider__images"
                    src="/assets/images/employeer-image-sample2.jpg"
                  />
                  <h2
                    className="no__margin__top block width__100"
                  >
                    Standout Ad Lorem Ipsum is simply dummy text of the printing and typesetting industry of Lorem Ipsum
                  </h2>
                  <span
                    className="label__info "
                  >
                    RECOMMENDED
                  </span>
                  <span
                    className="pricing block width__100"
                  >
                    $
                    322.99
                  </span>
                  <button
                    className="button__buy__items"
                    onClick={[Function]}
                    type="button"
                    value="Buy Ad"
                  >
                    Buy Ad
                  </button>
                </div>
              </div>
            </div>
          </div>
          <div
            aria-hidden={true}
            className="slick-slide"
            data-index={2}
            onClick={[Function]}
            style={
              Object {
                "outline": "none",
                "width": 0,
              }
            }
            tabIndex="-1"
          >
            <div>
              <div
                className="section__carousel"
                itemProp="itemListElement"
                itemScope={true}
                itemType="http://schema.org/Product"
                style={
                  Object {
                    "display": "inline-block",
                    "width": "100%",
                  }
                }
                tabIndex={-1}
              >
                <div
                  className="slider__card__body"
                >
                  <img
                    alt="Premium"
                    className="slider__images"
                    src="/assets/images/employeer-image-sample3.jpg"
                  />
                  <h2
                    className="no__margin__top block width__100"
                  >
                    Premium Ad Lorem Ipsum is simply dummy text of the printing and typesetting industry
                  </h2>
                  <span
                    className="label__info hidden"
                  >
                    RECOMMENDED
                  </span>
                  <span
                    className="pricing block width__100"
                  >
                    $
                    394.99
                  </span>
                  <button
                    className="button__buy__items"
                    onClick={[Function]}
                    type="button"
                    value="Buy Ad"
                  >
                    Buy Ad
                  </button>
                </div>
              </div>
            </div>
          </div>
          <div
            aria-hidden={true}
            className="slick-slide slick-cloned"
            data-index={3}
            onClick={[Function]}
            style={
              Object {
                "width": 0,
              }
            }
            tabIndex="-1"
          >
            <div>
              <div
                className="section__carousel"
                itemProp="itemListElement"
                itemScope={true}
                itemType="http://schema.org/Product"
                style={
                  Object {
                    "display": "inline-block",
                    "width": "100%",
                  }
                }
                tabIndex={-1}
              >
                <div
                  className="slider__card__body"
                >
                  <img
                    alt="Classic"
                    className="slider__images"
                    src="/assets/images/employeer-image-sample.jpg"
                  />
                  <h2
                    className="no__margin__top block width__100"
                  >
                    Classic Ad Lorem Ipsum is simply dummy text of the printing and typesetting
                  </h2>
                  <span
                    className="label__info hidden"
                  >
                    RECOMMENDED
                  </span>
                  <span
                    className="pricing block width__100"
                  >
                    $
                    269.99
                  </span>
                  <button
                    className="button__buy__items"
                    onClick={[Function]}
                    type="button"
                    value="Buy Ad"
                  >
                    Buy Ad
                  </button>
                </div>
              </div>
            </div>
          </div>
          <div
            aria-hidden={true}
            className="slick-slide slick-cloned"
            data-index={4}
            onClick={[Function]}
            style={
              Object {
                "width": 0,
              }
            }
            tabIndex="-1"
          >
            <div>
              <div
                className="section__carousel"
                itemProp="itemListElement"
                itemScope={true}
                itemType="http://schema.org/Product"
                style={
                  Object {
                    "display": "inline-block",
                    "width": "100%",
                  }
                }
                tabIndex={-1}
              >
                <div
                  className="slider__card__body"
                >
                  <img
                    alt="Standout"
                    className="slider__images"
                    src="/assets/images/employeer-image-sample2.jpg"
                  />
                  <h2
                    className="no__margin__top block width__100"
                  >
                    Standout Ad Lorem Ipsum is simply dummy text of the printing and typesetting industry of Lorem Ipsum
                  </h2>
                  <span
                    className="label__info "
                  >
                    RECOMMENDED
                  </span>
                  <span
                    className="pricing block width__100"
                  >
                    $
                    322.99
                  </span>
                  <button
                    className="button__buy__items"
                    onClick={[Function]}
                    type="button"
                    value="Buy Ad"
                  >
                    Buy Ad
                  </button>
                </div>
              </div>
            </div>
          </div>
          <div
            aria-hidden={true}
            className="slick-slide slick-cloned"
            data-index={5}
            onClick={[Function]}
            style={
              Object {
                "width": 0,
              }
            }
            tabIndex="-1"
          >
            <div>
              <div
                className="section__carousel"
                itemProp="itemListElement"
                itemScope={true}
                itemType="http://schema.org/Product"
                style={
                  Object {
                    "display": "inline-block",
                    "width": "100%",
                  }
                }
                tabIndex={-1}
              >
                <div
                  className="slider__card__body"
                >
                  <img
                    alt="Premium"
                    className="slider__images"
                    src="/assets/images/employeer-image-sample3.jpg"
                  />
                  <h2
                    className="no__margin__top block width__100"
                  >
                    Premium Ad Lorem Ipsum is simply dummy text of the printing and typesetting industry
                  </h2>
                  <span
                    className="label__info hidden"
                  >
                    RECOMMENDED
                  </span>
                  <span
                    className="pricing block width__100"
                  >
                    $
                    394.99
                  </span>
                  <button
                    className="button__buy__items"
                    onClick={[Function]}
                    type="button"
                    value="Buy Ad"
                  >
                    Buy Ad
                  </button>
                </div>
              </div>
            </div>
          </div>
        </div>
      </div>
    </div>
  </div>
</div>
`;
