// Jest Snapshot v1, https://goo.gl/fbAQLP

exports[`>>> T E S T I M O N I A L  L I S T ---- Test & Snapshot <<< +++ Capturing Snapshot of TestimonialSlider component +++ 1`] = `
<div
  className="testimonial__container"
>
  <div
    className="testimonial__wrapper"
  >
    <div
      className="section__title"
    >
      Testimonials
    </div>
    <div
      className="testimonial__content__wrapper"
    >
      <div
        className="slick-slider slick-initialized"
        dir="ltr"
      >
        <div
          className="slick-list"
          onClick={[Function]}
          onKeyDown={[Function]}
          onMouseDown={[Function]}
          onMouseLeave={null}
          onMouseMove={null}
          onMouseUp={[Function]}
          onTouchCancel={null}
          onTouchEnd={[Function]}
          onTouchMove={null}
          onTouchStart={[Function]}
          style={Object {}}
        >
          <div
            className="slick-track"
            onMouseEnter={[Function]}
            onMouseLeave={[Function]}
            onMouseOver={[Function]}
            style={
              Object {
                "WebkitTransform": "translate3d(0px, 0px, 0px)",
                "WebkitTransition": "",
                "msTransform": "translateX(0px)",
                "opacity": 1,
                "transform": "translate3d(0px, 0px, 0px)",
                "transition": "",
              }
            }
          >
            <div
              aria-hidden={false}
              className="slick-slide slick-active slick-current"
              data-index={0}
              onClick={[Function]}
              style={
                Object {
                  "outline": "none",
                  "width": 0,
                }
              }
              tabIndex="-1"
            >
              <div>
                <div
                  className="testimonial__list"
                  style={
                    Object {
                      "display": "inline-block",
                    }
                  }
                >
                  <div
                    className="info__user"
                  >
                    <div
                      className="user__photo"
                    >
                      <img
                        alt="Christian Eka Saputra"
                        src="/assets/images/photo/christian-eka-saputra.jpeg"
                      />
                    </div>
                    <div
                      className="user__description"
                    >
                      <span
                        className="user__name"
                      >
                        Christian Eka Saputra
                      </span>
                      <span
                        className="company__name"
                      >
                        PT. Global Visi Media
                      </span>
                    </div>
                    <div
                      className="user_testimonial"
                    >
                      <h1>
                        Classic Ad Lorem Ipsum is simply dummy.
                      </h1>
                      <h2>
                        Lorem Ipsum is simply dummy text of the printing and typesetting industry. Lorem Ipsum has been the industry's standard dummy text ever since the 1500s, when an unknown printer took a galley of type and scrambled it to make a type specimen book.
                      </h2>
                    </div>
                  </div>
                </div>
              </div>
            </div>
            <div
              aria-hidden={true}
              className="slick-slide"
              data-index={1}
              onClick={[Function]}
              style={
                Object {
                  "outline": "none",
                  "width": 0,
                }
              }
              tabIndex="-1"
            >
              <div>
                <div
                  className="testimonial__list"
                  style={
                    Object {
                      "display": "inline-block",
                    }
                  }
                >
                  <div
                    className="info__user"
                  >
                    <div
                      className="user__photo"
                    >
                      <img
                        alt="Julien Schwarzedyan"
                        src="/assets/images/photo/julien-schwarzedyan.jpeg"
                      />
                    </div>
                    <div
                      className="user__description"
                    >
                      <span
                        className="user__name"
                      >
                        Julien Schwarzedyan
                      </span>
                      <span
                        className="company__name"
                      >
                        Valiant Store PTE. LTD.
                      </span>
                    </div>
                    <div
                      className="user_testimonial"
                    >
                      <h1>
                        Lorem Ipsum is classic Ad simply dummy.
                      </h1>
                      <h2>
                        Classic Ad simply dummy is lorem Ipsum has been the industry's standard dummy text ever since the 1500s, when an unknown printer took a galley of type and scrambled it to make a type specimen book.Lorem Ipsum is simply dummy text of the printing and typesetting industry.
                      </h2>
                    </div>
                  </div>
                </div>
              </div>
            </div>
            <div
              aria-hidden={true}
              className="slick-slide"
              data-index={2}
              onClick={[Function]}
              style={
                Object {
                  "outline": "none",
                  "width": 0,
                }
              }
              tabIndex="-1"
            >
              <div>
                <div
                  className="testimonial__list"
                  style={
                    Object {
                      "display": "inline-block",
                    }
                  }
                >
                  <div
                    className="info__user"
                  >
                    <div
                      className="user__photo"
                    >
                      <img
                        alt="Monari Homawash"
                        src="/assets/images/photo/monari-homawash.jpeg"
                      />
                    </div>
                    <div
                      className="user__description"
                    >
                      <span
                        className="user__name"
                      >
                        Monari Homawash
                      </span>
                      <span
                        className="company__name"
                      >
                        Gudang Televisi TBK.
                      </span>
                    </div>
                    <div
                      className="user_testimonial"
                    >
                      <h1>
                        Ad simply dummy is Lorem Ipsum classic.
                      </h1>
                      <h2>
                        The industry's of classic Ad simply dummy are lorem Ipsum and has been a standard dummy text ever since the 1500s, when an unknown printer took a galley of type and scrambled it to make a type specimen book.Lorem Ipsum is simply dummy text of the printing and typesetting industry.
                      </h2>
                    </div>
                  </div>
                </div>
              </div>
            </div>
            <div
              aria-hidden={true}
              className="slick-slide"
              data-index={3}
              onClick={[Function]}
              style={
                Object {
                  "outline": "none",
                  "width": 0,
                }
              }
              tabIndex="-1"
            >
              <div>
                <div
                  className="testimonial__list"
                  style={
                    Object {
                      "display": "inline-block",
                    }
                  }
                >
                  <div
                    className="info__user"
                  >
                    <div
                      className="user__photo"
                    >
                      <img
                        alt="Weiling Kusuma Atmadja"
                        src="/assets/images/photo/weiling-kusuma-atmadja.jpeg"
                      />
                    </div>
                    <div
                      className="user__description"
                    >
                      <span
                        className="user__name"
                      >
                        Weiling Kusuma Atmadja
                      </span>
                      <span
                        className="company__name"
                      >
                        Jual Beli Store
                      </span>
                    </div>
                    <div
                      className="user_testimonial"
                    >
                      <h1>
                        Does Lorem Ipsum classic is an ad of simply dummy.
                      </h1>
                      <h2>
                        Lorem Ipsum and has been a standard dummy text ever since the 1500s, when an unknown printer took a galley of type and scrambled it to make a type specimen book.Lorem Ipsum is simply dummy text of the printing and typesetting industry.
                      </h2>
                    </div>
                  </div>
                </div>
              </div>
            </div>
          </div>
        </div>
      </div>
    </div>
  </div>
</div>
`;
